// Jest Snapshot v1, https://goo.gl/fbAQLP

exports[`renders Page 1`] = `
<div>
  <button>
    Load Data
  </button>
</div>
`;
